2025-12-19 20:04:50 [   DEBUG] __init__.py:47: Creating converter from 7 to 5
2025-12-19 20:04:50 [   DEBUG] __init__.py:47: Creating converter from 5 to 7
2025-12-19 20:04:50 [   DEBUG] __init__.py:47: Creating converter from 7 to 5
2025-12-19 20:04:50 [   DEBUG] __init__.py:47: Creating converter from 5 to 7
2025-12-19 20:04:50 [   DEBUG] __init__.py:337: matplotlib data path: /share/fandixiaLab/suguangsheng/anaconda3/lib/python3.12/site-packages/matplotlib/mpl-data
2025-12-19 20:04:50 [   DEBUG] __init__.py:337: CONFIGDIR=/share/fandixiaLab/suguangsheng/.config/matplotlib
2025-12-19 20:04:50 [   DEBUG] __init__.py:1498: interactive is False
2025-12-19 20:04:50 [   DEBUG] __init__.py:1499: platform is linux
2025-12-19 20:04:50 [   DEBUG] __init__.py:337: CACHEDIR=/share/fandixiaLab/suguangsheng/.cache/matplotlib
2025-12-19 20:04:50 [   DEBUG] font_manager.py:1574: Using fontManager instance from /share/fandixiaLab/suguangsheng/.cache/matplotlib/fontlist-v330.json
2025-12-19 20:04:51 [    INFO] utils.py:145: Note: detected 192 virtual cores but NumExpr set to maximum of 64, check "NUMEXPR_MAX_THREADS" environment variable.
2025-12-19 20:04:51 [    INFO] utils.py:148: Note: NumExpr detected 192 cores but "NUMEXPR_MAX_THREADS" not set, so enforcing safe limit of 8.
2025-12-19 20:04:51 [    INFO] utils.py:160: NumExpr defaulting to 8 threads.
2025-12-19 20:04:52 [   DEBUG] cmd.py:977: Popen(['git', 'version'], cwd=/share/fandixiaLab/suguangsheng/PycharmProjects/Sparse2Full, universal_newlines=False, shell=None, istream=None)
2025-12-19 20:04:52 [   DEBUG] cmd.py:977: Popen(['git', 'version'], cwd=/share/fandixiaLab/suguangsheng/PycharmProjects/Sparse2Full, universal_newlines=False, shell=None, istream=None)
2025-12-19 20:04:52 [   DEBUG] model_loader_enhanced.py:281: Registered as utility (not valid model): BaseModel
2025-12-19 20:04:52 [   DEBUG] model_loader_enhanced.py:278: Registered model class: CrossAttentionQueryHead
2025-12-19 20:04:52 [   DEBUG] model_loader_enhanced.py:278: Registered model class: TimeQueryHead
2025-12-19 20:04:52 [   DEBUG] model_loader_enhanced.py:278: Registered model class: Bilinear3x3Decoder
2025-12-19 20:04:52 [   DEBUG] model_loader_enhanced.py:278: Registered model class: ARWrapper
2025-12-19 20:04:52 [   DEBUG] model_loader_enhanced.py:278: Registered model class: SparseAttentionEncoder
2025-12-19 20:04:52 [   DEBUG] model_loader_enhanced.py:278: Registered model class: SparseSwinUNet
2025-12-19 20:04:52 [   DEBUG] model_loader_enhanced.py:273: Registered utility class: DropPath
2025-12-19 20:04:52 [   DEBUG] model_loader_enhanced.py:273: Registered utility class: Rearrange
2025-12-19 20:04:52 [   DEBUG] model_loader_enhanced.py:281: Registered as utility (not valid model): BaseTemporalModel
2025-12-19 20:04:52 [   DEBUG] model_loader_enhanced.py:281: Registered as utility (not valid model): TestTemporalModel
2025-12-19 20:04:52 [   DEBUG] model_loader_enhanced.py:278: Registered model class: CausalConv1d
2025-12-19 20:04:52 [   DEBUG] model_loader_enhanced.py:278: Registered model class: PhysicsConstraints
2025-12-19 20:04:52 [   DEBUG] model_loader_enhanced.py:281: Registered as utility (not valid model): SequentialDCConsistency
2025-12-19 20:04:52 [   DEBUG] model_loader_enhanced.py:278: Registered model class: AdaptiveTemporalMixer
2025-12-19 20:04:52 [   DEBUG] model_loader_enhanced.py:278: Registered model class: MultiScaleTemporalAttention
2025-12-19 20:04:52 [   DEBUG] model_loader_enhanced.py:278: Registered model class: PhysicsAwareAttention
2025-12-19 20:04:52 [   DEBUG] model_loader_enhanced.py:278: Registered model class: CrossAttnTimeQueryHead
2025-12-19 20:04:52 [   DEBUG] model_loader_enhanced.py:278: Registered model class: LearnableTimeQueries
2025-12-19 20:04:52 [   DEBUG] model_loader_enhanced.py:278: Registered model class: MultiHeadCrossAttention
2025-12-19 20:04:52 [   DEBUG] model_loader_enhanced.py:278: Registered model class: SequentialSpatiotemporalModel
2025-12-19 20:04:52 [   DEBUG] model_loader_enhanced.py:278: Registered model class: SpatialFeatureExtractor
2025-12-19 20:04:52 [   DEBUG] model_loader_enhanced.py:278: Registered model class: SpatialPredictionHead
2025-12-19 20:04:52 [   DEBUG] model_loader_enhanced.py:281: Registered as utility (not valid model): SpatialPredictionModule
2025-12-19 20:04:52 [   DEBUG] model_loader_enhanced.py:278: Registered model class: TemporalFeatureExtractor
2025-12-19 20:04:52 [   DEBUG] model_loader_enhanced.py:278: Registered model class: TemporalPredictionHead
2025-12-19 20:04:52 [   DEBUG] model_loader_enhanced.py:281: Registered as utility (not valid model): TemporalPredictionModule
2025-12-19 20:04:52 [   DEBUG] model_loader_enhanced.py:278: Registered model class: FiLMTemporalBlock
2025-12-19 20:04:52 [   DEBUG] model_loader_enhanced.py:278: Registered model class: TemporalConv1D
2025-12-19 20:04:52 [   DEBUG] model_loader_enhanced.py:278: Registered model class: TemporalTransformerEncoder
2025-12-19 20:04:52 [   DEBUG] model_loader_enhanced.py:278: Registered model class: CausalConv1D
2025-12-19 20:04:52 [   DEBUG] model_loader_enhanced.py:278: Registered model class: PositionalEncoding
2025-12-19 20:04:52 [   DEBUG] model_loader_enhanced.py:278: Registered model class: TemporalConv1D
2025-12-19 20:04:52 [   DEBUG] model_loader_enhanced.py:278: Registered model class: TemporalEncoder
2025-12-19 20:04:52 [   DEBUG] model_loader_enhanced.py:278: Registered model class: PositionalEncoding
2025-12-19 20:04:52 [   DEBUG] model_loader_enhanced.py:281: Registered as utility (not valid model): SpatialPredictionModule
2025-12-19 20:04:52 [   DEBUG] model_loader_enhanced.py:278: Registered model class: SwinTemporalWrapper
2025-12-19 20:04:52 [   DEBUG] model_loader_enhanced.py:281: Registered as utility (not valid model): TemporalConv1DDecoder
2025-12-19 20:04:52 [   DEBUG] model_loader_enhanced.py:281: Registered as utility (not valid model): TemporalConv1DEncoder
2025-12-19 20:04:52 [   DEBUG] model_loader_enhanced.py:281: Registered as utility (not valid model): TemporalPredictionModule
2025-12-19 20:04:52 [   DEBUG] model_loader_enhanced.py:281: Registered as utility (not valid model): TemporalTransformerDecoder
2025-12-19 20:04:52 [   DEBUG] model_loader_enhanced.py:278: Registered model class: TemporalTransformerEncoder
2025-12-19 20:04:52 [   DEBUG] model_loader_enhanced.py:281: Registered as utility (not valid model): BaseModel
2025-12-19 20:04:52 [   DEBUG] model_loader_enhanced.py:278: Registered model class: SwinTemporalWrapper
2025-12-19 20:04:52 [   DEBUG] model_loader_enhanced.py:278: Registered model class: SwinUNet
2025-12-19 20:04:52 [   DEBUG] model_loader_enhanced.py:278: Registered model class: TemporalEncoder
2025-12-19 20:04:52 [   DEBUG] model_loader_enhanced.py:278: Registered model class: ARWrapper
2025-12-19 20:04:52 [   DEBUG] model_loader_enhanced.py:278: Registered model class: SwinTemporal
2025-12-19 20:04:52 [   DEBUG] model_loader_enhanced.py:278: Registered model class: SwinTemporalNAR
2025-12-19 20:04:52 [   DEBUG] model_loader_enhanced.py:278: Registered model class: SwinUNet
2025-12-19 20:04:52 [   DEBUG] model_loader_enhanced.py:278: Registered model class: TemporalConv1D
2025-12-19 20:04:52 [   DEBUG] model_loader_enhanced.py:278: Registered model class: TemporalTransformerEncoder
2025-12-19 20:04:52 [   DEBUG] model_loader_enhanced.py:278: Registered model class: AdaptiveTemporalMixer
2025-12-19 20:04:52 [   DEBUG] model_loader_enhanced.py:281: Registered as utility (not valid model): BaseTemporalModel
2025-12-19 20:04:52 [   DEBUG] model_loader_enhanced.py:278: Registered model class: CausalConv1d
2025-12-19 20:04:52 [   DEBUG] model_loader_enhanced.py:278: Registered model class: FrequencyPositionalEncoding
2025-12-19 20:04:52 [   DEBUG] model_loader_enhanced.py:278: Registered model class: MultiScaleTemporalAttention
2025-12-19 20:04:52 [   DEBUG] model_loader_enhanced.py:278: Registered model class: PhysicsAwareAttention
2025-12-19 20:04:52 [   DEBUG] model_loader_enhanced.py:278: Registered model class: PhysicsConstraints
2025-12-19 20:04:52 [   DEBUG] model_loader_enhanced.py:278: Registered model class: PhysicsPositionalEncoding
2025-12-19 20:04:52 [   DEBUG] model_loader_enhanced.py:278: Registered model class: PhysicsTransformerLayer
2025-12-19 20:04:52 [   DEBUG] model_loader_enhanced.py:278: Registered model class: PhysicsTransformerTemporal
2025-12-19 20:04:52 [   DEBUG] model_loader_enhanced.py:278: Registered model class: SparseInputEncoder
2025-12-19 20:04:53 [    INFO] model_loader_enhanced.py:742: Successfully created model SwinUNet with parameters: ['in_channels', 'out_channels', 'img_size', 'embed_dim', 'depths', 'num_heads', 'window_size', 'patch_size', 'mlp_ratio', 'qkv_bias', 'drop_rate', 'drop_path_rate']
2025-12-19 20:04:54 [    INFO] model_loader_enhanced.py:742: Successfully created model SwinUNet with parameters: ['in_channels', 'out_channels', 'img_size', 'embed_dim', 'depths', 'num_heads', 'window_size', 'patch_size', 'mlp_ratio', 'qkv_bias', 'drop_rate', 'drop_path_rate']
2025-12-19 20:04:54 [    INFO] model_loader_enhanced.py:900: Model SwinUNet forward test successful: torch.Size([1, 1, 64, 64]) → torch.Size([1, 1, 64, 64])
2025-12-19 20:04:54 [    INFO] model_loader_enhanced.py:742: Successfully created model UNet with parameters: ['in_channels', 'out_channels', 'img_size', 'features', 'bilinear']
2025-12-19 20:04:54 [    INFO] model_loader_enhanced.py:742: Successfully created model FNO2d with parameters: ['in_channels', 'out_channels', 'img_size', 'modes1', 'modes2', 'width', 'n_layers', 'activation']
2025-12-19 20:04:55 [    INFO] model_loader_enhanced.py:900: Model FNO2d forward test successful: torch.Size([1, 1, 64, 64]) → torch.Size([1, 1, 64, 64])
